// Jest Snapshot v1, https://goo.gl/fbAQLP

exports[`pageObjectList component renders empty page object 1`] = `
<div>
  <div
    class="jdn__locatorsList"
  >
    <div
      class="jdn__locatorsList-header"
    >
      <span
        class="jdn__locatorsList-header-title"
      >
        Page Objects
      </span>
      <div
        class="jdn__locatorsList-header-buttons"
      >
        <button
          class="ant-btn ant-btn-default jdn__buttons"
          type="button"
        >
          <span
            class="anticon"
            role="img"
          />
          <span>
            New page object
          </span>
        </button>
        <button
          class="ant-btn ant-btn-default ant-btn-dangerous"
          data-testid="remove-button"
          type="button"
        >
          <span
            class="anticon"
            fill="#D82C15"
            role="img"
          />
        </button>
        <button
          class="ant-btn ant-btn-primary"
          type="button"
        >
          <span
            class="anticon"
            fill="#c15f0f"
            role="img"
          />
        </button>
      </div>
    </div>
    <div
      class="jdn__locatorsList-content jdn__pageObj-content"
    >
      <div
        class="ant-collapse ant-collapse-icon-position-left"
      >
        <div
          class="ant-collapse-item ant-collapse-item-active"
        >
          <div
            aria-expanded="true"
            class="ant-collapse-header"
            role="button"
            tabindex="0"
          >
            <div>
              <span
                class="anticon ant-collapse-arrow"
                fill="#808080"
                role="img"
              />
            </div>
            <span
              class="anticon jdn__locatorsList-status"
              role="img"
            />
            pageObject1
            <div
              class="ant-collapse-extra"
            >
              <a
                data-testid="dropdown-button"
              >
                <span
                  class="anticon ant-dropdown-trigger"
                  role="img"
                  tabindex="-1"
                />
              </a>
            </div>
          </div>
          <div
            class="ant-collapse-content ant-collapse-content-active"
          >
            <div
              class="ant-collapse-content-box"
            >
              <div
                class="jdn__pageObject__settings"
              >
                <div
                  class="jdn__pageObject__settings-url"
                />
                <div
                  class="jdn__generationButtons"
                >
                  <div
                    class="ant-space ant-space-vertical"
                  >
                    <div
                      class="ant-space-item"
                      style="margin-bottom: 16px;"
                    >
                      <div
                        class="ant-space ant-space-horizontal ant-space-align-center"
                      >
                        <div
                          class="ant-space-item"
                          style="margin-right: 8px;"
                        >
                          <label
                            class=""
                            for="library"
                          >
                            Library:
                          </label>
                        </div>
                        <div
                          class="ant-space-item"
                        >
                          <div
                            class="ant-select jdn__select ant-select-single ant-select-show-arrow"
                          >
                            <div
                              class="ant-select-selector"
                            >
                              <span
                                class="ant-select-selection-search"
                              >
                                <input
                                  aria-activedescendant="library_list_0"
                                  aria-autocomplete="list"
                                  aria-controls="library_list"
                                  aria-haspopup="listbox"
                                  aria-owns="library_list"
                                  autocomplete="off"
                                  class="ant-select-selection-search-input"
                                  id="library"
                                  readonly=""
                                  role="combobox"
                                  style="opacity: 0;"
                                  type="search"
                                  unselectable="on"
                                  value=""
                                />
                              </span>
                              <span
                                class="ant-select-selection-item"
                                title="Material UI"
                              >
                                Material UI
                              </span>
                            </div>
                            <span
                              aria-hidden="true"
                              class="ant-select-arrow"
                              style="user-select: none;"
                              unselectable="on"
                            >
                              <span
                                aria-label="down"
                                class="anticon anticon-down ant-select-suffix"
                                role="img"
                              >
                                <svg
                                  aria-hidden="true"
                                  data-icon="down"
                                  fill="currentColor"
                                  focusable="false"
                                  height="1em"
                                  viewBox="64 64 896 896"
                                  width="1em"
                                >
                                  <path
                                    d="M884 256h-75c-5.1 0-9.9 2.5-12.9 6.6L512 654.2 227.9 262.6c-3-4.1-7.8-6.6-12.9-6.6h-75c-6.5 0-10.3 7.4-6.5 12.7l352.6 486.1c12.8 17.6 39 17.6 51.7 0l352.6-486.1c3.9-5.3.1-12.7-6.4-12.7z"
                                  />
                                </svg>
                              </span>
                            </span>
                          </div>
                        </div>
                      </div>
                    </div>
                    <div
                      class="ant-space-item"
                    >
                      <div
                        class="ant-space ant-space-horizontal ant-space-align-center"
                      >
                        <div
                          class="ant-space-item"
                        >
                          <button
                            class="ant-btn ant-btn-primary jdn__buttons"
                            type="button"
                          >
                            <span
                              aria-label="search"
                              class="anticon anticon-search"
                              role="img"
                            >
                              <svg
                                aria-hidden="true"
                                data-icon="search"
                                fill="currentColor"
                                focusable="false"
                                height="1em"
                                viewBox="64 64 896 896"
                                width="1em"
                              >
                                <path
                                  d="M909.6 854.5L649.9 594.8C690.2 542.7 712 479 712 412c0-80.2-31.3-155.4-87.9-212.1-56.6-56.7-132-87.9-212.1-87.9s-155.5 31.3-212.1 87.9C143.2 256.5 112 331.8 112 412c0 80.1 31.3 155.5 87.9 212.1C256.5 680.8 331.8 712 412 712c67 0 130.6-21.8 182.7-62l259.7 259.6a8.2 8.2 0 0011.6 0l43.6-43.5a8.2 8.2 0 000-11.6zM570.4 570.4C528 612.7 471.8 636 412 636s-116-23.3-158.4-65.6C211.3 528 188 471.8 188 412s23.3-116.1 65.6-158.4C296 211.3 352.2 188 412 188s116.1 23.2 158.4 65.6S636 352.2 636 412s-23.3 116.1-65.6 158.4z"
                                />
                              </svg>
                            </span>
                            <span>
                              Generate
                            </span>
                          </button>
                        </div>
                      </div>
                    </div>
                  </div>
                </div>
              </div>
            </div>
          </div>
        </div>
      </div>
    </div>
  </div>
</div>
`;
